0 verbose cli /data/data/com.termux/files/usr/bin/node /data/data/com.termux/files/usr/bin/npm
1 info using npm@11.17.0
2 info using node@v26.3.1
3 silly config load:file:/data/data/com.termux/files/usr/lib/node_modules/npm/npmrc
4 silly config load:file:/storage/emulated/0/Documents/project-jay/backend/.npmrc
5 silly config load:file:/data/data/com.termux/files/home/.npmrc
6 silly config load:file:/data/data/com.termux/files/usr/etc/npmrc
7 verbose title npm install bcryptjs jsonwebtoken
8 verbose argv "install" "bcryptjs" "jsonwebtoken" "--cache" ".npm-cache" "--no-bin-links"
9 verbose logfile logs-max:10 dir:/storage/emulated/0/Documents/project-jay/backend/.npm-cache/_logs/2026-07-05T13_30_29_443Z-
10 verbose logfile /storage/emulated/0/Documents/project-jay/backend/.npm-cache/_logs/2026-07-05T13_30_29_443Z-debug-0.log
11 silly logfile done cleaning log files
12 silly packumentCache heap:1174405120 maxSize:293601280 maxEntrySize:146800640
13 silly idealTree buildDeps
14 silly fetch manifest bcryptjs@*
15 silly packumentCache full:https://registry.npmjs.org/bcryptjs cache-miss
16 verbose shrinkwrap failed to load node_modules/.package-lock.json out of date, updated: node_modules
17 http fetch GET 200 https://registry.npmjs.org/npm 4374ms
18 http fetch GET 200 https://registry.npmjs.org/bcryptjs 3706ms (cache miss)
19 silly packumentCache full:https://registry.npmjs.org/bcryptjs set size:undefined disposed:false
20 silly fetch manifest jsonwebtoken@*
21 silly packumentCache full:https://registry.npmjs.org/jsonwebtoken cache-miss
22 http fetch GET 200 https://registry.npmjs.org/jsonwebtoken 2774ms (cache miss)
23 silly packumentCache full:https://registry.npmjs.org/jsonwebtoken set size:undefined disposed:false
24 silly placeDep ROOT bcryptjs@3.0.3 OK for: backend@1.0.0 want: *
25 silly placeDep ROOT jsonwebtoken@9.0.3 OK for: backend@1.0.0 want: *
26 silly fetch manifest jws@^4.0.1
27 silly packumentCache full:https://registry.npmjs.org/jws cache-miss
28 silly fetch manifest semver@^7.5.4
29 silly packumentCache full:https://registry.npmjs.org/semver cache-miss
30 silly fetch manifest lodash.once@^4.0.0
31 silly packumentCache full:https://registry.npmjs.org/lodash.once cache-miss
32 http fetch GET 200 https://registry.npmjs.org/jws 617ms (cache miss)
33 silly packumentCache full:https://registry.npmjs.org/jws set size:undefined disposed:false
34 silly fetch manifest lodash.includes@^4.3.0
35 silly packumentCache full:https://registry.npmjs.org/lodash.includes cache-miss
36 http fetch GET 200 https://registry.npmjs.org/semver 896ms (cache miss)
37 silly packumentCache full:https://registry.npmjs.org/semver set size:undefined disposed:false
38 silly fetch manifest lodash.isnumber@^3.0.3
39 silly packumentCache full:https://registry.npmjs.org/lodash.isnumber cache-miss
40 http fetch GET 200 https://registry.npmjs.org/lodash.includes 573ms (cache miss)
41 silly packumentCache full:https://registry.npmjs.org/lodash.includes set size:undefined disposed:false
42 silly fetch manifest lodash.isstring@^4.0.1
43 silly packumentCache full:https://registry.npmjs.org/lodash.isstring cache-miss
44 http fetch GET 200 https://registry.npmjs.org/lodash.once 1310ms (cache miss)
45 silly packumentCache full:https://registry.npmjs.org/lodash.once set size:undefined disposed:false
46 silly fetch manifest lodash.isboolean@^3.0.3
47 silly packumentCache full:https://registry.npmjs.org/lodash.isboolean cache-miss
48 http fetch GET 200 https://registry.npmjs.org/lodash.isnumber 552ms (cache miss)
49 silly packumentCache full:https://registry.npmjs.org/lodash.isnumber set size:undefined disposed:false
50 silly fetch manifest lodash.isinteger@^4.0.4
51 silly packumentCache full:https://registry.npmjs.org/lodash.isinteger cache-miss
52 http fetch GET 200 https://registry.npmjs.org/lodash.isstring 462ms (cache miss)
53 silly packumentCache full:https://registry.npmjs.org/lodash.isstring set size:undefined disposed:false
54 silly fetch manifest lodash.isplainobject@^4.0.6
55 silly packumentCache full:https://registry.npmjs.org/lodash.isplainobject cache-miss
56 http fetch GET 200 https://registry.npmjs.org/lodash.isinteger 539ms (cache miss)
57 silly packumentCache full:https://registry.npmjs.org/lodash.isinteger set size:undefined disposed:false
58 http fetch GET 200 https://registry.npmjs.org/lodash.isplainobject 444ms (cache miss)
59 silly packumentCache full:https://registry.npmjs.org/lodash.isplainobject set size:undefined disposed:false
60 http fetch GET 200 https://registry.npmjs.org/lodash.isboolean 1031ms (cache miss)
61 silly packumentCache full:https://registry.npmjs.org/lodash.isboolean set size:undefined disposed:false
62 silly placeDep ROOT jws@4.0.1 OK for: jsonwebtoken@9.0.3 want: ^4.0.1
63 silly placeDep ROOT lodash.includes@4.3.0 OK for: jsonwebtoken@9.0.3 want: ^4.3.0
64 silly placeDep ROOT lodash.isboolean@3.0.3 OK for: jsonwebtoken@9.0.3 want: ^3.0.3
65 silly placeDep ROOT lodash.isinteger@4.0.4 OK for: jsonwebtoken@9.0.3 want: ^4.0.4
66 silly placeDep ROOT lodash.isnumber@3.0.3 OK for: jsonwebtoken@9.0.3 want: ^3.0.3
67 silly placeDep ROOT lodash.isplainobject@4.0.6 OK for: jsonwebtoken@9.0.3 want: ^4.0.6
68 silly placeDep ROOT lodash.isstring@4.0.1 OK for: jsonwebtoken@9.0.3 want: ^4.0.1
69 silly placeDep ROOT lodash.once@4.1.1 OK for: jsonwebtoken@9.0.3 want: ^4.0.0
70 silly placeDep ROOT semver@7.8.5 OK for: jsonwebtoken@9.0.3 want: ^7.5.4
71 silly fetch manifest jwa@^2.0.1
72 silly packumentCache full:https://registry.npmjs.org/jwa cache-miss
73 http fetch GET 200 https://registry.npmjs.org/jwa 435ms (cache miss)
74 silly packumentCache full:https://registry.npmjs.org/jwa set size:undefined disposed:false
75 silly placeDep ROOT jwa@2.0.1 OK for: jws@4.0.1 want: ^2.0.1
76 silly fetch manifest ecdsa-sig-formatter@1.0.11
77 silly packumentCache full:https://registry.npmjs.org/ecdsa-sig-formatter cache-miss
78 silly fetch manifest buffer-equal-constant-time@^1.0.1
79 silly packumentCache full:https://registry.npmjs.org/buffer-equal-constant-time cache-miss
80 http fetch GET 200 https://registry.npmjs.org/ecdsa-sig-formatter 635ms (cache miss)
81 silly packumentCache full:https://registry.npmjs.org/ecdsa-sig-formatter set size:undefined disposed:false
82 http fetch GET 200 https://registry.npmjs.org/buffer-equal-constant-time 2633ms (cache miss)
83 silly packumentCache full:https://registry.npmjs.org/buffer-equal-constant-time set size:undefined disposed:false
84 silly placeDep ROOT buffer-equal-constant-time@1.0.1 OK for: jwa@2.0.1 want: ^1.0.1
85 silly placeDep ROOT ecdsa-sig-formatter@1.0.11 OK for: jwa@2.0.1 want: 1.0.11
86 silly reify moves {}
87 silly audit bulk request {
87 silly audit   accepts: [ '2.0.0' ],
87 silly audit   'append-field': [ '1.0.0' ],
87 silly audit   'body-parser': [ '2.3.0' ],
87 silly audit   'content-type': [ '2.0.0', '1.0.5' ],
87 silly audit   'buffer-from': [ '1.1.2' ],
87 silly audit   busboy: [ '1.6.0' ],
87 silly audit   bytes: [ '3.1.2' ],
87 silly audit   'call-bind-apply-helpers': [ '1.0.2' ],
87 silly audit   'call-bound': [ '1.0.4' ],
87 silly audit   'concat-stream': [ '2.0.0' ],
87 silly audit   'content-disposition': [ '1.1.0' ],
87 silly audit   cookie: [ '0.7.2' ],
87 silly audit   'cookie-signature': [ '1.2.2' ],
87 silly audit   cors: [ '2.8.6' ],
87 silly audit   debug: [ '4.4.3' ],
87 silly audit   depd: [ '2.0.0' ],
87 silly audit   dotenv: [ '17.4.2' ],
87 silly audit   'dunder-proto': [ '1.0.1' ],
87 silly audit   'ee-first': [ '1.1.1' ],
87 silly audit   encodeurl: [ '2.0.0' ],
87 silly audit   'es-define-property': [ '1.0.1' ],
87 silly audit   'es-errors': [ '1.3.0' ],
87 silly audit   'es-object-atoms': [ '1.1.2' ],
87 silly audit   'escape-html': [ '1.0.3' ],
87 silly audit   etag: [ '1.8.1' ],
87 silly audit   express: [ '5.2.1' ],
87 silly audit   finalhandler: [ '2.1.1' ],
87 silly audit   forwarded: [ '0.2.0' ],
87 silly audit   fresh: [ '2.0.0' ],
87 silly audit   'function-bind': [ '1.1.2' ],
87 silly audit   'get-intrinsic': [ '1.3.0' ],
87 silly audit   'get-proto': [ '1.0.1' ],
87 silly audit   gopd: [ '1.2.0' ],
87 silly audit   'has-symbols': [ '1.1.0' ],
87 silly audit   hasown: [ '2.0.4' ],
87 silly audit   'http-errors': [ '2.0.1' ],
87 silly audit   'iconv-lite': [ '0.7.3' ],
87 silly audit   inherits: [ '2.0.4' ],
87 silly audit   'ipaddr.js': [ '1.9.1' ],
87 silly audit   'is-promise': [ '4.0.0' ],
87 silly audit   'math-intrinsics': [ '1.1.0' ],
87 silly audit   'media-typer': [ '1.1.0', '0.3.0' ],
87 silly audit   'merge-descriptors': [ '2.0.0' ],
87 silly audit   'mime-db': [ '1.54.0', '1.52.0' ],
87 silly audit   'mime-types': [ '3.0.2', '2.1.35' ],
87 silly audit   ms: [ '2.1.3' ],
87 silly audit   multer: [ '2.2.0' ],
87 silly audit   'type-is': [ '1.6.18', '2.1.0' ],
87 silly audit   negotiator: [ '1.0.0' ],
87 silly audit   'object-assign': [ '4.1.1' ],
87 silly audit   'object-inspect': [ '1.13.4' ],
87 silly audit   'on-finished': [ '2.4.1' ],
87 silly audit   once: [ '1.4.0' ],
87 silly audit   parseurl: [ '1.3.3' ],
87 silly audit   'path-to-regexp': [ '8.4.2' ],
87 silly audit   pg: [ '8.22.0' ],
87 silly audit   'pg-cloudflare': [ '1.4.0' ],
87 silly audit   'pg-connection-string': [ '2.14.0' ],
87 silly audit   'pg-int8': [ '1.0.1' ],
87 silly audit   'pg-pool': [ '3.14.0' ],
87 silly audit   'pg-protocol': [ '1.15.0' ],
87 silly audit   'pg-types': [ '2.2.0' ],
87 silly audit   pgpass: [ '1.0.5' ],
87 silly audit   'postgres-array': [ '2.0.0' ],
87 silly audit   'postgres-bytea': [ '1.0.1' ],
87 silly audit   'postgres-date': [ '1.0.7' ],
87 silly audit   'postgres-interval': [ '1.2.0' ],
87 silly audit   'proxy-addr': [ '2.0.7' ],
87 silly audit   qs: [ '6.15.3' ],
87 silly audit   'range-parser': [ '1.3.0' ],
87 silly audit   'raw-body': [ '3.0.2' ],
87 silly audit   'readable-stream': [ '3.6.2' ],
87 silly audit   router: [ '2.2.0' ],
87 silly audit   'safe-buffer': [ '5.2.1' ],
87 silly audit   'safer-buffer': [ '2.1.2' ],
87 silly audit   send: [ '1.2.1' ],
87 silly audit   'serve-static': [ '2.2.1' ],
87 silly audit   setprototypeof: [ '1.2.0' ],
87 silly audit   'side-channel': [ '1.1.1' ],
87 silly audit   'side-channel-list': [ '1.0.1' ],
87 silly audit   'side-channel-map': [ '1.0.1' ],
87 silly audit   'side-channel-weakmap': [ '1.0.2' ],
87 silly audit   split2: [ '4.2.0' ],
87 silly audit   statuses: [ '2.0.2' ],
87 silly audit   streamsearch: [ '1.1.0' ],
87 silly audit   string_decoder: [ '1.3.0' ],
87 silly audit   toidentifier: [ '1.0.1' ],
87 silly audit   typedarray: [ '0.0.6' ],
87 silly audit   unpipe: [ '1.0.0' ],
87 silly audit   'util-deprecate': [ '1.0.2' ],
87 silly audit   vary: [ '1.1.2' ],
87 silly audit   wrappy: [ '1.0.2' ],
87 silly audit   xtend: [ '4.0.2' ],
87 silly audit   bcryptjs: [ '3.0.3' ],
87 silly audit   jsonwebtoken: [ '9.0.3' ],
87 silly audit   jws: [ '4.0.1' ],
87 silly audit   'lodash.includes': [ '4.3.0' ],
87 silly audit   'lodash.isboolean': [ '3.0.3' ],
87 silly audit   'lodash.isinteger': [ '4.0.4' ],
87 silly audit   'lodash.isnumber': [ '3.0.3' ],
87 silly audit   'lodash.isplainobject': [ '4.0.6' ],
87 silly audit   'lodash.isstring': [ '4.0.1' ],
87 silly audit   'lodash.once': [ '4.1.1' ],
87 silly audit   semver: [ '7.8.5' ],
87 silly audit   jwa: [ '2.0.1' ],
87 silly audit   'buffer-equal-constant-time': [ '1.0.1' ],
87 silly audit   'ecdsa-sig-formatter': [ '1.0.11' ]
87 silly audit }
88 http cache lodash.isstring@https://registry.npmjs.org/lodash.isstring/-/lodash.isstring-4.0.1.tgz 8ms (cache hit)
89 http cache buffer-equal-constant-time@https://registry.npmjs.org/buffer-equal-constant-time/-/buffer-equal-constant-time-1.0.1.tgz 0ms (cache hit)
90 http cache ecdsa-sig-formatter@https://registry.npmjs.org/ecdsa-sig-formatter/-/ecdsa-sig-formatter-1.0.11.tgz 0ms (cache hit)
91 http cache jwa@https://registry.npmjs.org/jwa/-/jwa-2.0.1.tgz 1ms (cache hit)
92 http cache lodash.once@https://registry.npmjs.org/lodash.once/-/lodash.once-4.1.1.tgz 1ms (cache hit)
93 http cache lodash.isplainobject@https://registry.npmjs.org/lodash.isplainobject/-/lodash.isplainobject-4.0.6.tgz 1ms (cache hit)
94 http cache semver@https://registry.npmjs.org/semver/-/semver-7.8.5.tgz 1ms (cache hit)
95 http cache lodash.isinteger@https://registry.npmjs.org/lodash.isinteger/-/lodash.isinteger-4.0.4.tgz 1ms (cache hit)
96 http cache lodash.isnumber@https://registry.npmjs.org/lodash.isnumber/-/lodash.isnumber-3.0.3.tgz 0ms (cache hit)
97 http cache lodash.isboolean@https://registry.npmjs.org/lodash.isboolean/-/lodash.isboolean-3.0.3.tgz 0ms (cache hit)
98 http cache jsonwebtoken@https://registry.npmjs.org/jsonwebtoken/-/jsonwebtoken-9.0.3.tgz 0ms (cache hit)
99 silly tarball no local data for lodash.isstring@https://registry.npmjs.org/lodash.isstring/-/lodash.isstring-4.0.1.tgz. Extracting by manifest.
100 silly tarball no local data for buffer-equal-constant-time@https://registry.npmjs.org/buffer-equal-constant-time/-/buffer-equal-constant-time-1.0.1.tgz. Extracting by manifest.
101 http cache lodash.includes@https://registry.npmjs.org/lodash.includes/-/lodash.includes-4.3.0.tgz 1ms (cache hit)
102 silly tarball no local data for ecdsa-sig-formatter@https://registry.npmjs.org/ecdsa-sig-formatter/-/ecdsa-sig-formatter-1.0.11.tgz. Extracting by manifest.
103 http cache jws@https://registry.npmjs.org/jws/-/jws-4.0.1.tgz 0ms (cache hit)
104 silly tarball no local data for jwa@https://registry.npmjs.org/jwa/-/jwa-2.0.1.tgz. Extracting by manifest.
105 silly tarball no local data for lodash.once@https://registry.npmjs.org/lodash.once/-/lodash.once-4.1.1.tgz. Extracting by manifest.
106 silly tarball no local data for lodash.isplainobject@https://registry.npmjs.org/lodash.isplainobject/-/lodash.isplainobject-4.0.6.tgz. Extracting by manifest.
107 silly tarball no local data for semver@https://registry.npmjs.org/semver/-/semver-7.8.5.tgz. Extracting by manifest.
108 http cache bcryptjs@https://registry.npmjs.org/bcryptjs/-/bcryptjs-3.0.3.tgz 0ms (cache hit)
109 silly tarball no local data for lodash.isinteger@https://registry.npmjs.org/lodash.isinteger/-/lodash.isinteger-4.0.4.tgz. Extracting by manifest.
110 silly tarball no local data for lodash.isnumber@https://registry.npmjs.org/lodash.isnumber/-/lodash.isnumber-3.0.3.tgz. Extracting by manifest.
111 silly tarball no local data for lodash.isboolean@https://registry.npmjs.org/lodash.isboolean/-/lodash.isboolean-3.0.3.tgz. Extracting by manifest.
112 silly tarball no local data for jsonwebtoken@https://registry.npmjs.org/jsonwebtoken/-/jsonwebtoken-9.0.3.tgz. Extracting by manifest.
113 silly tarball no local data for lodash.includes@https://registry.npmjs.org/lodash.includes/-/lodash.includes-4.3.0.tgz. Extracting by manifest.
114 silly tarball no local data for jws@https://registry.npmjs.org/jws/-/jws-4.0.1.tgz. Extracting by manifest.
115 silly tarball no local data for bcryptjs@https://registry.npmjs.org/bcryptjs/-/bcryptjs-3.0.3.tgz. Extracting by manifest.
116 http fetch POST 200 https://registry.npmjs.org/-/npm/v1/security/advisories/bulk 1034ms
117 silly audit report {}
118 http fetch GET 200 https://registry.npmjs.org/lodash.isstring/-/lodash.isstring-4.0.1.tgz 2686ms (cache miss)
119 http fetch GET 200 https://registry.npmjs.org/buffer-equal-constant-time/-/buffer-equal-constant-time-1.0.1.tgz 2705ms (cache miss)
120 http fetch GET 200 https://registry.npmjs.org/lodash.isinteger/-/lodash.isinteger-4.0.4.tgz 3688ms (cache miss)
121 http fetch GET 200 https://registry.npmjs.org/ecdsa-sig-formatter/-/ecdsa-sig-formatter-1.0.11.tgz 4327ms (cache miss)
122 http fetch GET 200 https://registry.npmjs.org/lodash.isplainobject/-/lodash.isplainobject-4.0.6.tgz 4315ms (cache miss)
123 http fetch GET 200 https://registry.npmjs.org/lodash.isnumber/-/lodash.isnumber-3.0.3.tgz 4531ms (cache miss)
124 http fetch GET 200 https://registry.npmjs.org/jwa/-/jwa-2.0.1.tgz 4691ms (cache miss)
125 http fetch GET 200 https://registry.npmjs.org/lodash.includes/-/lodash.includes-4.3.0.tgz 4803ms (cache miss)
126 http fetch GET 200 https://registry.npmjs.org/lodash.isboolean/-/lodash.isboolean-3.0.3.tgz 4919ms (cache miss)
127 http fetch GET 200 https://registry.npmjs.org/lodash.once/-/lodash.once-4.1.1.tgz 5042ms (cache miss)
128 http fetch GET 200 https://registry.npmjs.org/jsonwebtoken/-/jsonwebtoken-9.0.3.tgz 4997ms (cache miss)
129 http fetch GET 200 https://registry.npmjs.org/jws/-/jws-4.0.1.tgz 4991ms (cache miss)
130 http fetch GET 200 https://registry.npmjs.org/bcryptjs/-/bcryptjs-3.0.3.tgz 5177ms (cache miss)
131 http fetch GET 200 https://registry.npmjs.org/semver/-/semver-7.8.5.tgz 6612ms (cache miss)
132 silly ADD node_modules/ecdsa-sig-formatter
133 silly ADD node_modules/buffer-equal-constant-time
134 silly ADD node_modules/jwa
135 silly ADD node_modules/semver
136 silly ADD node_modules/lodash.once
137 silly ADD node_modules/lodash.isstring
138 silly ADD node_modules/lodash.isplainobject
139 silly ADD node_modules/lodash.isnumber
140 silly ADD node_modules/lodash.isinteger
141 silly ADD node_modules/lodash.isboolean
142 silly ADD node_modules/lodash.includes
143 silly ADD node_modules/jws
144 silly ADD node_modules/jsonwebtoken
145 silly ADD node_modules/bcryptjs
146 verbose cwd /storage/emulated/0/Documents/project-jay/backend
147 verbose os Linux 4.19.127
148 verbose node v26.3.1
149 verbose npm  v11.17.0
150 notice
150 notice New [33mminor[39m version of npm available! [33m11.17.0[39m -> [34m11.18.0[39m
150 notice Changelog: [34mhttps://github.com/npm/cli/releases/tag/v11.18.0[39m
150 notice To update run: [4mnpm install -g npm@11.18.0[24m
150 notice  { force: true, Symbol(proc-log.meta): true }
151 verbose exit 0
152 info ok
