0 verbose cli /data/data/com.termux/files/usr/bin/node /data/data/com.termux/files/usr/bin/npm
1 info using npm@11.18.0
2 info using node@v26.3.1
3 silly config load:file:/data/data/com.termux/files/usr/lib/node_modules/npm/npmrc
4 silly config load:file:/storage/emulated/0/Documents/project-jay/backend/.npmrc
5 silly config load:file:/data/data/com.termux/files/home/.npmrc
6 silly config load:file:/data/data/com.termux/files/usr/etc/npmrc
7 verbose title npm install nodemailer
8 verbose argv "install" "nodemailer" "--cache" ".npm-cache" "--no-bin-links"
9 verbose logfile logs-max:10 dir:/storage/emulated/0/Documents/project-jay/backend/.npm-cache/_logs/2026-07-05T14_16_00_087Z-
10 verbose logfile /storage/emulated/0/Documents/project-jay/backend/.npm-cache/_logs/2026-07-05T14_16_00_087Z-debug-0.log
11 silly logfile done cleaning log files
12 silly packumentCache heap:1174405120 maxSize:293601280 maxEntrySize:146800640
13 silly idealTree buildDeps
14 silly fetch manifest nodemailer@*
15 silly packumentCache full:https://registry.npmjs.org/nodemailer cache-miss
16 verbose shrinkwrap failed to load node_modules/.package-lock.json out of date, updated: node_modules
17 http fetch GET 200 https://registry.npmjs.org/nodemailer 3105ms (cache miss)
18 silly packumentCache full:https://registry.npmjs.org/nodemailer set size:undefined disposed:false
19 silly placeDep ROOT nodemailer@9.0.3 OK for: backend@1.0.0 want: *
20 silly reify mark retired [
20 silly reify   '/storage/emulated/0/Documents/project-jay/backend/node_modules/bcryptjs',
20 silly reify   '/storage/emulated/0/Documents/project-jay/backend/node_modules/.bin/bcrypt'
20 silly reify ]
21 silly reify mark retired [
21 silly reify   '/storage/emulated/0/Documents/project-jay/backend/node_modules/semver',
21 silly reify   '/storage/emulated/0/Documents/project-jay/backend/node_modules/.bin/semver'
21 silly reify ]
22 silly reify moves {
22 silly reify   '/storage/emulated/0/Documents/project-jay/backend/node_modules/bcryptjs': '/storage/emulated/0/Documents/project-jay/backend/node_modules/.bcryptjs-ORwy0nXP',
22 silly reify   '/storage/emulated/0/Documents/project-jay/backend/node_modules/.bin/bcrypt': '/storage/emulated/0/Documents/project-jay/backend/node_modules/.bin/.bcrypt-hfhUYogt',
22 silly reify   '/storage/emulated/0/Documents/project-jay/backend/node_modules/semver': '/storage/emulated/0/Documents/project-jay/backend/node_modules/.semver-6s4wRzlN',
22 silly reify   '/storage/emulated/0/Documents/project-jay/backend/node_modules/.bin/semver': '/storage/emulated/0/Documents/project-jay/backend/node_modules/.bin/.semver-tu84DEnP'
22 silly reify }
23 silly audit bulk request {
23 silly audit   accepts: [ '2.0.0' ],
23 silly audit   'append-field': [ '1.0.0' ],
23 silly audit   bcryptjs: [ '3.0.3' ],
23 silly audit   'body-parser': [ '2.3.0' ],
23 silly audit   'content-type': [ '2.0.0', '1.0.5' ],
23 silly audit   'buffer-equal-constant-time': [ '1.0.1' ],
23 silly audit   'buffer-from': [ '1.1.2' ],
23 silly audit   busboy: [ '1.6.0' ],
23 silly audit   bytes: [ '3.1.2' ],
23 silly audit   'call-bind-apply-helpers': [ '1.0.2' ],
23 silly audit   'call-bound': [ '1.0.4' ],
23 silly audit   'concat-stream': [ '2.0.0' ],
23 silly audit   'content-disposition': [ '1.1.0' ],
23 silly audit   cookie: [ '0.7.2' ],
23 silly audit   'cookie-signature': [ '1.2.2' ],
23 silly audit   cors: [ '2.8.6' ],
23 silly audit   debug: [ '4.4.3' ],
23 silly audit   depd: [ '2.0.0' ],
23 silly audit   dotenv: [ '17.4.2' ],
23 silly audit   'dunder-proto': [ '1.0.1' ],
23 silly audit   'ecdsa-sig-formatter': [ '1.0.11' ],
23 silly audit   'ee-first': [ '1.1.1' ],
23 silly audit   encodeurl: [ '2.0.0' ],
23 silly audit   'es-define-property': [ '1.0.1' ],
23 silly audit   'es-errors': [ '1.3.0' ],
23 silly audit   'es-object-atoms': [ '1.1.2' ],
23 silly audit   'escape-html': [ '1.0.3' ],
23 silly audit   etag: [ '1.8.1' ],
23 silly audit   express: [ '5.2.1' ],
23 silly audit   finalhandler: [ '2.1.1' ],
23 silly audit   forwarded: [ '0.2.0' ],
23 silly audit   fresh: [ '2.0.0' ],
23 silly audit   'function-bind': [ '1.1.2' ],
23 silly audit   'get-intrinsic': [ '1.3.0' ],
23 silly audit   'get-proto': [ '1.0.1' ],
23 silly audit   gopd: [ '1.2.0' ],
23 silly audit   'has-symbols': [ '1.1.0' ],
23 silly audit   hasown: [ '2.0.4' ],
23 silly audit   'http-errors': [ '2.0.1' ],
23 silly audit   'iconv-lite': [ '0.7.3' ],
23 silly audit   inherits: [ '2.0.4' ],
23 silly audit   'ipaddr.js': [ '1.9.1' ],
23 silly audit   'is-promise': [ '4.0.0' ],
23 silly audit   jsonwebtoken: [ '9.0.3' ],
23 silly audit   jwa: [ '2.0.1' ],
23 silly audit   jws: [ '4.0.1' ],
23 silly audit   'lodash.includes': [ '4.3.0' ],
23 silly audit   'lodash.isboolean': [ '3.0.3' ],
23 silly audit   'lodash.isinteger': [ '4.0.4' ],
23 silly audit   'lodash.isnumber': [ '3.0.3' ],
23 silly audit   'lodash.isplainobject': [ '4.0.6' ],
23 silly audit   'lodash.isstring': [ '4.0.1' ],
23 silly audit   'lodash.once': [ '4.1.1' ],
23 silly audit   'math-intrinsics': [ '1.1.0' ],
23 silly audit   'media-typer': [ '1.1.0', '0.3.0' ],
23 silly audit   'merge-descriptors': [ '2.0.0' ],
23 silly audit   'mime-db': [ '1.54.0', '1.52.0' ],
23 silly audit   'mime-types': [ '3.0.2', '2.1.35' ],
23 silly audit   ms: [ '2.1.3' ],
23 silly audit   multer: [ '2.2.0' ],
23 silly audit   'type-is': [ '1.6.18', '2.1.0' ],
23 silly audit   negotiator: [ '1.0.0' ],
23 silly audit   'object-assign': [ '4.1.1' ],
23 silly audit   'object-inspect': [ '1.13.4' ],
23 silly audit   'on-finished': [ '2.4.1' ],
23 silly audit   once: [ '1.4.0' ],
23 silly audit   parseurl: [ '1.3.3' ],
23 silly audit   'path-to-regexp': [ '8.4.2' ],
23 silly audit   pg: [ '8.22.0' ],
23 silly audit   'pg-cloudflare': [ '1.4.0' ],
23 silly audit   'pg-connection-string': [ '2.14.0' ],
23 silly audit   'pg-int8': [ '1.0.1' ],
23 silly audit   'pg-pool': [ '3.14.0' ],
23 silly audit   'pg-protocol': [ '1.15.0' ],
23 silly audit   'pg-types': [ '2.2.0' ],
23 silly audit   pgpass: [ '1.0.5' ],
23 silly audit   'postgres-array': [ '2.0.0' ],
23 silly audit   'postgres-bytea': [ '1.0.1' ],
23 silly audit   'postgres-date': [ '1.0.7' ],
23 silly audit   'postgres-interval': [ '1.2.0' ],
23 silly audit   'proxy-addr': [ '2.0.7' ],
23 silly audit   qs: [ '6.15.3' ],
23 silly audit   'range-parser': [ '1.3.0' ],
23 silly audit   'raw-body': [ '3.0.2' ],
23 silly audit   'readable-stream': [ '3.6.2' ],
23 silly audit   router: [ '2.2.0' ],
23 silly audit   'safe-buffer': [ '5.2.1' ],
23 silly audit   'safer-buffer': [ '2.1.2' ],
23 silly audit   semver: [ '7.8.5' ],
23 silly audit   send: [ '1.2.1' ],
23 silly audit   'serve-static': [ '2.2.1' ],
23 silly audit   setprototypeof: [ '1.2.0' ],
23 silly audit   'side-channel': [ '1.1.1' ],
23 silly audit   'side-channel-list': [ '1.0.1' ],
23 silly audit   'side-channel-map': [ '1.0.1' ],
23 silly audit   'side-channel-weakmap': [ '1.0.2' ],
23 silly audit   split2: [ '4.2.0' ],
23 silly audit   statuses: [ '2.0.2' ],
23 silly audit   streamsearch: [ '1.1.0' ],
23 silly audit   string_decoder: [ '1.3.0' ],
23 silly audit   toidentifier: [ '1.0.1' ],
23 silly audit   typedarray: [ '0.0.6' ],
23 silly audit   unpipe: [ '1.0.0' ],
23 silly audit   'util-deprecate': [ '1.0.2' ],
23 silly audit   vary: [ '1.1.2' ],
23 silly audit   wrappy: [ '1.0.2' ],
23 silly audit   xtend: [ '4.0.2' ],
23 silly audit   nodemailer: [ '9.0.3' ]
23 silly audit }
24 http cache nodemailer@https://registry.npmjs.org/nodemailer/-/nodemailer-9.0.3.tgz 5ms (cache hit)
25 http cache bcryptjs@https://registry.npmjs.org/bcryptjs/-/bcryptjs-3.0.3.tgz 1ms (cache hit)
26 http cache semver@https://registry.npmjs.org/semver/-/semver-7.8.5.tgz 1ms (cache hit)
27 silly tarball no local data for nodemailer@https://registry.npmjs.org/nodemailer/-/nodemailer-9.0.3.tgz. Extracting by manifest.
28 http fetch POST 200 https://registry.npmjs.org/-/npm/v1/security/advisories/bulk 675ms
29 silly audit report {}
30 http fetch GET 200 https://registry.npmjs.org/nodemailer/-/nodemailer-9.0.3.tgz 4518ms (cache miss)
31 silly ADD node_modules/nodemailer
32 silly CHANGE node_modules/semver
33 silly CHANGE node_modules/bcryptjs
34 verbose cwd /storage/emulated/0/Documents/project-jay/backend
35 verbose os Linux 4.19.127
36 verbose node v26.3.1
37 verbose npm  v11.18.0
38 verbose exit 0
39 info ok
